// Jest Snapshot v1, https://goo.gl/fbAQLP

exports[`Components/CatalystHeader Default smoke-test 1`] = `
<header class="sticky top-0 z-40 w-full border-b bg-background">
  <div class="ml-4 mr-4 flex justify-between">
    <div class="flex items-center">
      <div class="flex items-center">
        <p class="text-base sm:text-lg md:text-xl">
          Catalyst Header
        </p>
      </div>
    </div>
    <div class="flex items-center justify-around">
      <nav aria-label="Main"
           data-orientation="horizontal"
           dir="ltr"
           class="relative z-10 flex max-w-max flex-1 items-center justify-center"
      >
        <div style="position: relative;">
          <ul data-orientation="horizontal"
              class="group flex flex-1 list-none items-center justify-center space-x-1"
              dir="ltr"
          >
            <li class="relative">
              <button id="radix-:r0:-trigger-radix-:r1:"
                      data-state="closed"
                      aria-expanded="false"
                      aria-controls="radix-:r0:-content-radix-:r1:"
                      class="group inline-flex h-10 w-max items-center justify-center rounded-md bg-background px-4 py-2 text-sm font-medium transition-colors hover:bg-accent hover:text-accent-foreground focus:bg-accent focus:text-accent-foreground focus:outline-none disabled:pointer-events-none disabled:opacity-50 data-[active]:bg-accent/50 data-[state=open]:bg-accent/50 group"
                      data-radix-collection-item
              >
                Components
                <svg xmlns="http://www.w3.org/2000/svg"
                     width="24"
                     height="24"
                     viewbox="0 0 24 24"
                     fill="none"
                     stroke="currentColor"
                     stroke-width="2"
                     stroke-linecap="round"
                     stroke-linejoin="round"
                     class="lucide lucide-chevron-down relative top-[1px] ml-1 h-3 w-3 transition duration-200 group-data-[state=open]:rotate-180"
                     aria-hidden="true"
                >
                  <path d="m6 9 6 6 6-6">
                  </path>
                </svg>
              </button>
            </li>
            <li class="relative">
              <button id="radix-:r0:-trigger-radix-:r2:"
                      data-state="closed"
                      aria-expanded="false"
                      aria-controls="radix-:r0:-content-radix-:r2:"
                      class="group inline-flex h-10 w-max items-center justify-center rounded-md bg-background px-4 py-2 text-sm font-medium transition-colors hover:bg-accent hover:text-accent-foreground focus:bg-accent focus:text-accent-foreground focus:outline-none disabled:pointer-events-none disabled:opacity-50 data-[active]:bg-accent/50 data-[state=open]:bg-accent/50 group"
                      data-radix-collection-item
              >
                Otherstuff
                <svg xmlns="http://www.w3.org/2000/svg"
                     width="24"
                     height="24"
                     viewbox="0 0 24 24"
                     fill="none"
                     stroke="currentColor"
                     stroke-width="2"
                     stroke-linecap="round"
                     stroke-linejoin="round"
                     class="lucide lucide-chevron-down relative top-[1px] ml-1 h-3 w-3 transition duration-200 group-data-[state=open]:rotate-180"
                     aria-hidden="true"
                >
                  <path d="m6 9 6 6 6-6">
                  </path>
                </svg>
              </button>
            </li>
          </ul>
        </div>
        <div class="left-auto right-0 absolute top-full flex justify-center">
        </div>
      </nav>
    </div>
  </div>
</header>
`;
