// Jest Snapshot v1, https://goo.gl/fbAQLP

exports[`UI/Button Default smoke-test 1`] = `
<button class="inline-flex items-center justify-center whitespace-nowrap rounded-md text-sm font-medium ring-offset-background transition-colors focus-visible:outline-none focus-visible:ring-2 focus-visible:ring-ring focus-visible:ring-offset-2 disabled:pointer-events-none disabled:opacity-50 bg-primary text-primary-foreground hover:bg-primary/90 h-10 px-4 py-2">
  Button
</button>
`;

exports[`UI/Button Destructive smoke-test 1`] = `
<button class="inline-flex items-center justify-center whitespace-nowrap rounded-md text-sm font-medium ring-offset-background transition-colors focus-visible:outline-none focus-visible:ring-2 focus-visible:ring-ring focus-visible:ring-offset-2 disabled:pointer-events-none disabled:opacity-50 bg-destructive text-destructive-foreground hover:bg-destructive/90 h-10 px-4 py-2">
  Destructive
</button>
`;

exports[`UI/Button Ghost smoke-test 1`] = `
<button class="inline-flex items-center justify-center whitespace-nowrap rounded-md text-sm font-medium ring-offset-background transition-colors focus-visible:outline-none focus-visible:ring-2 focus-visible:ring-ring focus-visible:ring-offset-2 disabled:pointer-events-none disabled:opacity-50 hover:bg-accent hover:text-accent-foreground h-10 px-4 py-2">
  Ghost
</button>
`;

exports[`UI/Button IconSize smoke-test 1`] = `
<button class="inline-flex items-center justify-center whitespace-nowrap text-sm font-medium ring-offset-background transition-colors focus-visible:outline-none focus-visible:ring-2 focus-visible:ring-ring focus-visible:ring-offset-2 disabled:pointer-events-none disabled:opacity-50 bg-primary text-primary-foreground hover:bg-primary/90 h-10 w-10 rounded">
  Icon Button
</button>
`;

exports[`UI/Button LargeSize smoke-test 1`] = `
<button class="inline-flex items-center justify-center whitespace-nowrap text-sm font-medium ring-offset-background transition-colors focus-visible:outline-none focus-visible:ring-2 focus-visible:ring-ring focus-visible:ring-offset-2 disabled:pointer-events-none disabled:opacity-50 bg-primary text-primary-foreground hover:bg-primary/90 h-11 rounded-md px-8">
  Large Button
</button>
`;

exports[`UI/Button Link smoke-test 1`] = `
<button class="inline-flex items-center justify-center whitespace-nowrap rounded-md text-sm font-medium ring-offset-background transition-colors focus-visible:outline-none focus-visible:ring-2 focus-visible:ring-ring focus-visible:ring-offset-2 disabled:pointer-events-none disabled:opacity-50 text-primary underline-offset-4 hover:underline h-10 px-4 py-2">
  Link
</button>
`;

exports[`UI/Button Outline smoke-test 1`] = `
<button class="inline-flex items-center justify-center whitespace-nowrap rounded-md text-sm font-medium ring-offset-background transition-colors focus-visible:outline-none focus-visible:ring-2 focus-visible:ring-ring focus-visible:ring-offset-2 disabled:pointer-events-none disabled:opacity-50 border border-input bg-background hover:bg-accent hover:text-accent-foreground h-10 px-4 py-2">
  Outline
</button>
`;

exports[`UI/Button Secondary smoke-test 1`] = `
<button class="inline-flex items-center justify-center whitespace-nowrap rounded-md text-sm font-medium ring-offset-background transition-colors focus-visible:outline-none focus-visible:ring-2 focus-visible:ring-ring focus-visible:ring-offset-2 disabled:pointer-events-none disabled:opacity-50 bg-secondary text-secondary-foreground hover:bg-secondary/80 h-10 px-4 py-2">
  Secondary
</button>
`;

exports[`UI/Button SmallSize smoke-test 1`] = `
<button class="inline-flex items-center justify-center whitespace-nowrap text-sm font-medium ring-offset-background transition-colors focus-visible:outline-none focus-visible:ring-2 focus-visible:ring-ring focus-visible:ring-offset-2 disabled:pointer-events-none disabled:opacity-50 bg-primary text-primary-foreground hover:bg-primary/90 h-9 rounded-md px-3">
  Small Button
</button>
`;
